components/Layout.tsx(3,27): error TS6133: 'ChevronRight' is declared but its value is never read.
pages/Home.tsx(4,10): error TS6133: 'Monitor' is declared but its value is never read.
